// Jest Snapshot v1, https://goo.gl/fbAQLP

exports[`Home page matches snapshot 1`] = `
<DocumentFragment>
  <div>
    Failed to load
  </div>
</DocumentFragment>
`;

exports[`Home page matches snapshot 2`] = `<DocumentFragment />`;
